TAP version 13
ok 1 - FunctionalTest::testDocumentationUppercaseProxyObject
ok 2 - FunctionalTest::testDocumentationOutputEscaper
ok 3 - FunctionalTest::testDocumentationCallWithReference
ok 4 - Eloquent\Pops\PopsTest::testProxy
ok 5 - Eloquent\Pops\PopsTest::testProxyClass
ok 6 - Eloquent\Pops\PopsTest::testProxyClassStatic
ok 7 - Eloquent\Pops\ProxyArrayTest::testConstruct
ok 8 - Eloquent\Pops\ProxyArrayTest::testConstructFailureRecursiveType
ok 9 - Eloquent\Pops\ProxyArrayTest::testOffsetSetGet
ok 10 - Eloquent\Pops\ProxyArrayTest::testCount
ok 11 - Eloquent\Pops\ProxyArrayTest::testIterator
ok 12 - Eloquent\Pops\ProxyArrayTest::testToString
ok 13 - Eloquent\Pops\ProxyClassTest::testCallStaticFailure
ok 14 - Eloquent\Pops\ProxyClassTest::testConstruct
ok 15 - Eloquent\Pops\ProxyClassTest::testConstructFailureClassType
ok 16 - Eloquent\Pops\ProxyClassTest::testConstructFailureRecursiveType
ok 17 - Eloquent\Pops\ProxyClassTest::testCall
ok 18 - Eloquent\Pops\ProxyClassTest::testPopsCallByReference
ok 19 - Eloquent\Pops\ProxyClassTest::testSetGet
ok 20 - Eloquent\Pops\ProxyClassTest::testPopsGenerateStaticClassProxy
ok 21 - Eloquent\Pops\ProxyClassTest::testPopsGenerateStaticClassProxyFailureRecursiveType
ok 22 - Eloquent\Pops\ProxyObjectTest::testConstruct
ok 23 - Eloquent\Pops\ProxyObjectTest::testConstructFailureObjectType
ok 24 - Eloquent\Pops\ProxyObjectTest::testConstructFailureRecursiveType
ok 25 - Eloquent\Pops\ProxyObjectTest::testCall
ok 26 - Eloquent\Pops\ProxyObjectTest::testPopsCallByReference
ok 27 - Eloquent\Pops\ProxyObjectTest::testSetGet
ok 28 - Eloquent\Pops\ProxyObjectTest::testOffsetSetGet
ok 29 - Eloquent\Pops\ProxyObjectTest::testCount
ok 30 - Eloquent\Pops\ProxyObjectTest::testIterator
ok 31 - Eloquent\Pops\ProxyObjectTest::testIteratorFailure
ok 32 - Eloquent\Pops\ProxyObjectTest::testToString
ok 33 - Eloquent\Pops\ProxyObjectTest::testInvoke
ok 34 - Eloquent\Pops\ProxyObjectTest::testInvokeFailure
ok 35 - Eloquent\Pops\ProxyPrimitiveTest::testPrimitive
ok 36 - Eloquent\Pops\Safe\SafeProxyTest::testProxy
ok 37 - Eloquent\Pops\Safe\SafeProxyTest::testArrayRecursion
ok 38 - Eloquent\Pops\Safe\SafeProxyTest::testObjectRecursion
ok 39 - Eloquent\Pops\Safe\SafeProxyTest::testClassRecursion
1..39
