TAP version 13
ok 1 - FunctionalTest::testDocumentationUppercaseProxyObject
ok 2 - FunctionalTest::testDocumentationOutputEscaper
ok 3 - FunctionalTest::testDocumentationCallWithReference
ok 4 - Eloquent\Pops\ProxyArrayTest::testConstruct
ok 5 - Eloquent\Pops\ProxyArrayTest::testOffsetSetGet
ok 6 - Eloquent\Pops\ProxyArrayTest::testCount
ok 7 - Eloquent\Pops\ProxyArrayTest::testIterator
ok 8 - Eloquent\Pops\ProxyArrayTest::testToString
ok 9 - Eloquent\Pops\ProxyClassTest::testCallStaticFailure
ok 10 - Eloquent\Pops\ProxyClassTest::testConstruct
ok 11 - Eloquent\Pops\ProxyClassTest::testCall
ok 12 - Eloquent\Pops\ProxyClassTest::testPopsCallByReference
ok 13 - Eloquent\Pops\ProxyClassTest::testSetGet
ok 14 - Eloquent\Pops\ProxyClassTest::testPopsGenerateStaticClassProxy
ok 15 - Eloquent\Pops\ProxyObjectTest::testConstruct
ok 16 - Eloquent\Pops\ProxyObjectTest::testConstructFailureObjectType
ok 17 - Eloquent\Pops\ProxyObjectTest::testConstructFailureRecursiveType
ok 18 - Eloquent\Pops\ProxyObjectTest::testCall
ok 19 - Eloquent\Pops\ProxyObjectTest::testPopsCallByReference
ok 20 - Eloquent\Pops\ProxyObjectTest::testSetGet
ok 21 - Eloquent\Pops\ProxyObjectTest::testOffsetSetGet
ok 22 - Eloquent\Pops\ProxyObjectTest::testCount
ok 23 - Eloquent\Pops\ProxyObjectTest::testIterator
ok 24 - Eloquent\Pops\ProxyObjectTest::testIteratorFailure
ok 25 - Eloquent\Pops\ProxyObjectTest::testToString
ok 26 - Eloquent\Pops\ProxyObjectTest::testInvoke
ok 27 - Eloquent\Pops\ProxyObjectTest::testInvokeFailure
ok 28 - Eloquent\Pops\ProxyPrimitiveTest::testPrimitive
ok 29 - Eloquent\Pops\ProxyTest::testProxy
ok 30 - Eloquent\Pops\ProxyTest::testProxyClass
ok 31 - Eloquent\Pops\ProxyTest::testProxyClassStatic
ok 32 - Eloquent\Pops\Safe\SafeProxyTest::testProxy
ok 33 - Eloquent\Pops\Safe\SafeProxyTest::testArrayRecursion
ok 34 - Eloquent\Pops\Safe\SafeProxyTest::testObjectRecursion
ok 35 - Eloquent\Pops\Safe\SafeProxyTest::testClassRecursion
1..35
